/*C4*/SET SCHEMA PUBLIC
DISCONNECT
/*C6*/SET SCHEMA PUBLIC
DELETE FROM ALUNOS WHERE RA=111
COMMIT
DISCONNECT
/*C10*/SET SCHEMA PUBLIC
INSERT INTO ALUNOS VALUES(111,'teste111','2001-01-01',1111.00)
COMMIT
/*C11*/SET SCHEMA PUBLIC
DELETE FROM ALUNOS WHERE RA=111
COMMIT
/*C14*/SET SCHEMA PUBLIC
INSERT INTO ALUNOS VALUES(111,'teste111','2001-01-01',1111.00)
COMMIT
/*C15*/SET SCHEMA PUBLIC
DELETE FROM ALUNOS WHERE RA=111
COMMIT
